// Jest Snapshot v1, https://goo.gl/fbAQLP

exports[`index all 1`] = `
Object {
  "ChildWindowLyt": [Function],
  "ConfigAboutField": [Function],
  "ConfigField": [Function],
  "ConfigJsonField": [Function],
  "ConfigLangField": [Function],
  "ConfigThemeField": [Function],
  "ConfigView": [Function],
  "DashboardLyt": [Function],
  "Header": [Function],
  "HeaderLinks": [Function],
  "HeaderThemeSwitcher": [Function],
  "InitalizaeReactOpenfinMatImpl": [Function],
  "LaunchBarLyt": [Function],
  "LoadingLyt": [Function],
  "NotificationLyt": [Function],
  "OfflineOverlay": [Function],
  "ReportView": [Function],
  "Sidebar": [Function],
  "SnackbarContent": [Function],
  "buildMuiTheme": [Function],
}
`;
